  Determining projects to restore...
  All projects are up-to-date for restore.
C:\Users\User\source\repos\Outfitly\Controllers\CheckoutController.cs(174,33): error CS1061: 'Product' does not contain a definition for 'StockQuantity' and no accessible extension method 'StockQuantity' accepting a first argument of type 'Product' could be found (are you missing a using directive or an assembly reference?) [C:\Users\User\source\repos\Outfitly\Outfitly.csproj]
C:\Users\User\source\repos\Outfitly\Controllers\CheckoutController.cs(174,69): error CS1061: 'Product' does not contain a definition for 'StockQuantity' and no accessible extension method 'StockQuantity' accepting a first argument of type 'Product' could be found (are you missing a using directive or an assembly reference?) [C:\Users\User\source\repos\Outfitly\Outfitly.csproj]
C:\Users\User\source\repos\Outfitly\Components\Pages\Dashboard.razor(223,67): error CS1061: 'Product' does not contain a definition for 'StockQuantity' and no accessible extension method 'StockQuantity' accepting a first argument of type 'Product' could be found (are you missing a using directive or an assembly reference?) [C:\Users\User\source\repos\Outfitly\Outfitly.csproj]

Build FAILED.

C:\Users\User\source\repos\Outfitly\Controllers\CheckoutController.cs(174,33): error CS1061: 'Product' does not contain a definition for 'StockQuantity' and no accessible extension method 'StockQuantity' accepting a first argument of type 'Product' could be found (are you missing a using directive or an assembly reference?) [C:\Users\User\source\repos\Outfitly\Outfitly.csproj]
C:\Users\User\source\repos\Outfitly\Controllers\CheckoutController.cs(174,69): error CS1061: 'Product' does not contain a definition for 'StockQuantity' and no accessible extension method 'StockQuantity' accepting a first argument of type 'Product' could be found (are you missing a using directive or an assembly reference?) [C:\Users\User\source\repos\Outfitly\Outfitly.csproj]
C:\Users\User\source\repos\Outfitly\Components\Pages\Dashboard.razor(223,67): error CS1061: 'Product' does not contain a definition for 'StockQuantity' and no accessible extension method 'StockQuantity' accepting a first argument of type 'Product' could be found (are you missing a using directive or an assembly reference?) [C:\Users\User\source\repos\Outfitly\Outfitly.csproj]
    0 Warning(s)
    3 Error(s)

Time Elapsed 00:00:05.19
